[plan] Pipeline planned (1 stage): upscale
[backend-manager] interop-bridge: GPU interop available
[backend] Selected MiGraphX (ROCm).
[version] rocm=7.2.0
[version] migraphx=2.15.0
[version] vulkan_info=	apiVersion         = 1.4.335
[version] ffmpeg=ffmpeg version n8.1 Copyright (c) 2000-2026 the FFmpeg developers
[version] gpu_gfx_target=gfx1100
[version] kernel=6.19.9-1-cachyos
[migraphx-env] (no MIGRAPHX_* env vars set – using defaults)
[backend] MiGraphX initialised on device 0 — compile options: offload_copy=1 precision=fp16
[backend] ready: MiGraphX (ROCm)
[progress] Starting enhancement pipeline…
[model] upscale — model 'realesrnet-x2plus' is available on disk but not yet compiled to .mxr; MiGraphX will resolve/compile the inference artifact.
[progress] Backend pass 1/1: upscale via MiGraphX (ROCm)
[pipeline] upscale → deferred to FFmpeg filter chain
[progress] upscale — complete
[pipeline] stage summary: 0 AI-processed, 1 deferred to FFmpeg filters
[progress] Starting FFmpeg encode pipeline…
[cmd] create-preview-clip: ffmpeg -y -hide_banner -loglevel error -progress - -i "/home/rolaandjayz/Desktop/C++ Video Enhancer/benchmarks/ave_benchmark_960x540_20s.mp4" -t 60 -map 0:v:0 -map 0:a? -c:v libx264 -crf 0 -preset ultrafast -c:a aac -b:a 160k "/tmp/ave-history-bench-20260323-140842-stable/50aa036/ave_ai_job_26121686319642/preview_0.mp4"
[migraphx] Input: 960x540 fps=30 frames=600
[migraphx] adaptive tile batch selected: 8
[auto-compile] Model 'realesrnet-x2plus' already compiled for 192x192 batch 8: "/home/rolaandjayz/.local/share/ave/models/migraphx/realesrnet-x2plus_192x192_b8_fp16.mxr"
[migraphx] using frame-size specific .mxr for 'realesrnet-x2plus': /home/rolaandjayz/.local/share/ave/models/migraphx/realesrnet-x2plus_192x192_b8_fp16.mxr (192x192)
[migraphx] loaded model='realesrnet-x2plus' source='/home/rolaandjayz/.local/share/ave/models/migraphx/realesrnet-x2plus_192x192_b8_fp16.mxr' format=mxr
  in:  input [8×3×192×192 NCHW fp32]
  out: output_0 [8×3×384×384 NCHW fp32]
  compile_opts: offload_copy=1 precision=fp16
[migraphx] processVideoFile: model='realesrnet-x2plus' input=960x540 output=1920x1080 tile=192x192 overlap=16 batch=8 scale=2x2 tiles/frame=24 batches/frame=3 stage=upscale direct_final_encode=on
[migraphx] Processed 30 frames / 600
[migraphx] Processed 60 frames / 600
[migraphx] Processed 90 frames / 600
[migraphx] Processed 120 frames / 600
[migraphx] Processed 150 frames / 600
[migraphx] Processed 180 frames / 600
[migraphx] Processed 210 frames / 600
[migraphx] Processed 240 frames / 600
[migraphx] Processed 270 frames / 600
[migraphx] Processed 300 frames / 600
[migraphx] Processed 330 frames / 600
[migraphx] Processed 360 frames / 600
[migraphx] Processed 390 frames / 600
[migraphx] Processed 420 frames / 600
[migraphx] Processed 450 frames / 600
[migraphx] Processed 480 frames / 600
[migraphx] Processed 510 frames / 600
[migraphx] Processed 540 frames / 600
[migraphx] Processed 570 frames / 600
[migraphx] Processed 600 frames / 600
[migraphx] AI inference complete: 600 frames processed via MiGraphX for stage upscale
[migraphx] timing: total=16.4686s fps=36.4329 avg_ms/frame read=0.667706 preprocess=1.22306 infer=20.6302 postprocess=4.27581 write=2.15115 direct_final_encode=on
[ai-pipeline] upscale → AI complete via MiGraphX (ROCm) (direct final encode)
[ai-pipeline] Final delivery encode completed inside MiGraphX (ROCm); skipping redundant FFmpeg re-encode.
done.
WALL 17.132
