[plan] Pipeline planned (1 stage): upscale
[backend-manager] interop-bridge: GPU interop available
[backend] Selected MiGraphX (ROCm).
[version] rocm=7.2.0
[version] migraphx=2.15.0
[version] vulkan_info=	apiVersion         = 1.4.335
[version] ffmpeg=ffmpeg version n8.1 Copyright (c) 2000-2026 the FFmpeg developers
[version] gpu_gfx_target=gfx1100
[version] kernel=6.19.9-1-cachyos
[migraphx-env]
  MIOPEN_FIND_MODE=FAST
  MIOPEN_COMPILE_PARALLEL_LEVEL=1
  HIP_VISIBLE_DEVICES=0
  ROCR_VISIBLE_DEVICES=0
[interop-bridge] status=gpu-interop
[interop-bridge] required: VK_KHR_external_memory_fd, VK_KHR_external_semaphore_fd, VK_KHR_synchronization2
[interop-bridge] handle-type: OPAQUE_FD (same-process preferred)
[backend] MiGraphX initialised on device 0 — compile options: offload_copy=1 precision=fp16
[backend] ready: MiGraphX (ROCm)
[progress] Starting enhancement pipeline…
[model] upscale — model 'clearreality-x4-fast' is available on disk but not yet compiled to .mxr; MiGraphX will resolve/compile the inference artifact.
[progress] Backend pass 1/1: upscale via MiGraphX (ROCm)
[pipeline] upscale → deferred to FFmpeg filter chain
[progress] upscale — complete
[pipeline] stage summary: 0 AI-processed, 1 deferred to FFmpeg filters
[progress] Starting continuous AI/FFmpeg encode session…
[migraphx] Input: 960x540 fps=30 frames=600
[migraphx] adaptive tile batch selected: 8
[auto-compile] Compiling 'clearreality-x4-fast' at 192x192 batch 8...
[migraphx-env] phase=compile
  migraphx_version=unknown
  rocm_version=7.2.0
  gpu_gfx_target=gfx1100
  precision=fp16
  compile_profile=fast
  offload_copy=1
  MIGRAPHX_DISABLE_MLIR=0
  MIGRAPHX_ENABLE_NHWC=0
  MIGRAPHX_ENABLE_CK=0
  MIGRAPHX_PROBLEM_CACHE=/home/rolaandjayz/.cache/ave/migraphx/contexts/f03ad15adc376a63/problem_cache.json
  MIOPEN_USER_DB_PATH=/home/rolaandjayz/.cache/ave/migraphx/contexts/f03ad15adc376a63/miopen_user_db
  MIOPEN_CUSTOM_CACHE_DIR=/home/rolaandjayz/.cache/ave/migraphx/contexts/f03ad15adc376a63/miopen_cache
  MIOPEN_FIND_MODE=FAST
  MIOPEN_COMPILE_PARALLEL_LEVEL=1
  visible_devices=0
  runtime_fingerprint=f03ad15adc376a63
  artifact_path=/home/rolaandjayz/.local/share/ave/models/migraphx/clearreality-x4-fast_192x192_b8_fp16.mxr
  warmup_status=not-run
[auto-compile] 2%: Inspecting ONNX input tensors…
[auto-compile] 5%: Launching migraphx-driver (fast compile profile)…
[auto-compile] migraphx-driver compiling… 0m 2s elapsed — Quantizing to fp16 ... 
[auto-compile] migraphx-driver compiling… 0m 4s elapsed — Quantizing to fp16 ... 
[auto-compile] migraphx-driver compiling… 0m 6s elapsed — Quantizing to fp16 ... 
[auto-compile] migraphx-driver compiling… 0m 8s elapsed — Quantizing to fp16 ... 
[auto-compile] migraphx-driver compiling… 0m 10s elapsed — Quantizing to fp16 ... 
[auto-compile] migraphx-driver compiling… 0m 12s elapsed — Quantizing to fp16 ... 
[auto-compile] migraphx-driver compiling… 0m 14s elapsed — Quantizing to fp16 ... 
[auto-compile] migraphx-driver compiling… 0m 16s elapsed — Quantizing to fp16 ... 
[auto-compile] migraphx-driver compiling… 0m 18s elapsed — Quantizing to fp16 ... 
[auto-compile] migraphx-driver compiling… 0m 20s elapsed — Quantizing to fp16 ... 
[auto-compile] migraphx-driver compiling… 0m 22s elapsed — Quantizing to fp16 ... 
[auto-compile] migraphx-driver compiling… 0m 24s elapsed — Quantizing to fp16 ... 
[auto-compile] migraphx-driver compiling… 0m 26s elapsed — Quantizing to fp16 ... 
[auto-compile] migraphx-driver compiling… 0m 28s elapsed — Quantizing to fp16 ... 
[auto-compile] migraphx-driver compiling… 0m 30s elapsed — Quantizing to fp16 ... 
[auto-compile] migraphx-driver compiling… 0m 32s elapsed — Quantizing to fp16 ... 
[auto-compile] migraphx-driver compiling… 0m 34s elapsed — Quantizing to fp16 ... 
[auto-compile] migraphx-driver compiling… 0m 36s elapsed — Quantizing to fp16 ... 
[auto-compile] migraphx-driver compiling… 0m 38s elapsed — Quantizing to fp16 ... 
[auto-compile] migraphx-driver compiling… 0m 40s elapsed — Quantizing to fp16 ... 
[auto-compile] migraphx-driver compiling… 0m 42s elapsed — Quantizing to fp16 ... 
[auto-compile] migraphx-driver compiling… 0m 44s elapsed — Quantizing to fp16 ... 
[auto-compile] migraphx-driver compiling… 0m 46s elapsed — Quantizing to fp16 ... 
[auto-compile] migraphx-driver compiling… 0m 48s elapsed — Quantizing to fp16 ... 
[auto-compile] migraphx-driver compiling… 0m 50s elapsed — Compiling ... 
[auto-compile] migraphx-driver compiling… 0m 52s elapsed — Compiling ... 
[auto-compile] migraphx-driver compiling… 0m 54s elapsed — Compiling ... 
[auto-compile] migraphx-driver compiling… 0m 56s elapsed — Compiling ... 
[auto-compile] migraphx-driver compiling… 0m 58s elapsed — Compiling ... 
[auto-compile] migraphx-driver compiling… 1m 0s elapsed — Compiling ... 
[auto-compile] 100%: Compilation complete.
[auto-compile] Successfully compiled to: "/home/rolaandjayz/.local/share/ave/models/migraphx/clearreality-x4-fast_192x192_b8_fp16.mxr"
[migraphx] using frame-size specific .mxr for 'clearreality-x4-fast': /home/rolaandjayz/.local/share/ave/models/migraphx/clearreality-x4-fast_192x192_b8_fp16.mxr (192x192)
[migraphx-env] phase=runtime-load
  migraphx_version=unknown
  rocm_version=7.2.0
  gpu_gfx_target=gfx1100
  precision=fp16
  compile_profile=fast
  offload_copy=1
  MIGRAPHX_DISABLE_MLIR=0
  MIGRAPHX_ENABLE_NHWC=0
  MIGRAPHX_ENABLE_CK=0
  MIGRAPHX_PROBLEM_CACHE=
  MIOPEN_USER_DB_PATH=
  MIOPEN_CUSTOM_CACHE_DIR=
  MIOPEN_FIND_MODE=FAST
  MIOPEN_COMPILE_PARALLEL_LEVEL=1
  visible_devices=0
  runtime_fingerprint=3007885397264527580
  artifact_path=/home/rolaandjayz/.local/share/ave/models/migraphx/clearreality-x4-fast_192x192_b8_fp16.mxr
  warmup_status=pending
[migraphx] loaded model='clearreality-x4-fast' source='/home/rolaandjayz/.local/share/ave/models/migraphx/clearreality-x4-fast_192x192_b8_fp16.mxr' format=mxr
  in:  input [8×3×192×192 NCHW fp32]
  out: output_0 [8×3×768×768 NCHW fp32]
  compile_opts: offload_copy=1 precision=fp16
[migraphx] processVideoFile: model='clearreality-x4-fast' input=960x540 output=3840x2160 tile=192x192 overlap=16 batch=8 scale=4x4 tiles/frame=24 batches/frame=3 stage=upscale direct_final_encode=on
[migraphx] warming compiled program for 'clearreality-x4-fast' before first frame.
[migraphx-env] phase=runtime-warmup
  migraphx_version=unknown
  rocm_version=7.2.0
  gpu_gfx_target=gfx1100
  precision=fp16
  compile_profile=fast
  offload_copy=1
  MIGRAPHX_DISABLE_MLIR=0
  MIGRAPHX_ENABLE_NHWC=0
  MIGRAPHX_ENABLE_CK=0
  MIGRAPHX_PROBLEM_CACHE=
  MIOPEN_USER_DB_PATH=
  MIOPEN_CUSTOM_CACHE_DIR=
  MIOPEN_FIND_MODE=FAST
  MIOPEN_COMPILE_PARALLEL_LEVEL=1
  visible_devices=0
  runtime_fingerprint=3007885397264527580
  artifact_path=/home/rolaandjayz/.local/share/ave/models/migraphx/clearreality-x4-fast_192x192_b8_fp16.mxr
  warmup_status=start
[migraphx-env] phase=runtime-warmup
  migraphx_version=unknown
  rocm_version=7.2.0
  gpu_gfx_target=gfx1100
  precision=fp16
  compile_profile=fast
  offload_copy=1
  MIGRAPHX_DISABLE_MLIR=0
  MIGRAPHX_ENABLE_NHWC=0
  MIGRAPHX_ENABLE_CK=0
  MIGRAPHX_PROBLEM_CACHE=
  MIOPEN_USER_DB_PATH=
  MIOPEN_CUSTOM_CACHE_DIR=
  MIOPEN_FIND_MODE=FAST
  MIOPEN_COMPILE_PARALLEL_LEVEL=1
  visible_devices=0
  runtime_fingerprint=3007885397264527580
  artifact_path=/home/rolaandjayz/.local/share/ave/models/migraphx/clearreality-x4-fast_192x192_b8_fp16.mxr
  warmup_status=complete
[migraphx] AI inference complete: 15 frames processed via MiGraphX for stage upscale
[migraphx] timing: total=1.18013s fps=12.7104 avg_ms/frame read=2.56878 preprocess=1.22635 infer=26.7348 postprocess=17.2667 write=7.87354 direct_final_encode=on
[ai-pipeline] upscale → AI complete via MiGraphX (ROCm) (direct final encode)
[ai-pipeline] Final delivery encode completed inside MiGraphX (ROCm); skipping redundant FFmpeg re-encode.
done.
WALL 63.643
