[  0%] Built target planner_tests_autogen_timestamp_deps
[  0%] Built target tensor_contract_tests_autogen_timestamp_deps
[  1%] Building CXX object CMakeFiles/ave_core.dir/src/backend.cpp.o
[  5%] Building CXX object CMakeFiles/ave_core.dir/src/app_settings.cpp.o
[  3%] Building CXX object CMakeFiles/ave_core.dir/src/cli.cpp.o
[  7%] Building CXX object CMakeFiles/ave_core.dir/src/error_taxonomy.cpp.o
[  9%] Building CXX object CMakeFiles/ave_core.dir/src/backend_manager.cpp.o
[ 11%] Building CXX object CMakeFiles/ave_core.dir/src/filter_catalog.cpp.o
[ 13%] Building CXX object CMakeFiles/ave_core.dir/src/frame_io.cpp.o
[ 15%] Building CXX object CMakeFiles/ave_core.dir/src/frame_io_vulkan.cpp.o
[ 17%] Building CXX object CMakeFiles/ave_core.dir/src/interop_bridge.cpp.o
[ 19%] Building CXX object CMakeFiles/ave_core.dir/src/model_catalog.cpp.o
[ 21%] Building CXX object CMakeFiles/ave_core.dir/src/model_manager.cpp.o
[ 23%] Building CXX object CMakeFiles/ave_core.dir/src/ffmpeg_runner.cpp.o
[ 25%] Building CXX object CMakeFiles/ave_core.dir/src/observability.cpp.o
[ 27%] Building CXX object CMakeFiles/ave_core.dir/src/planner.cpp.o
[ 29%] Building CXX object CMakeFiles/ave_core.dir/src/runtime_paths.cpp.o
[ 31%] Building CXX object CMakeFiles/ave_core.dir/src/scene_detector.cpp.o
[ 33%] Building CXX object CMakeFiles/ave_core.dir/src/stage.cpp.o
[ 35%] Building CXX object CMakeFiles/ave_core.dir/src/tensor_contract.cpp.o
[ 37%] Building CXX object CMakeFiles/ave_core.dir/src/types.cpp.o
[ 39%] Automatic MOC and UIC for target tensor_contract_tests
[ 41%] Building CXX object CMakeFiles/ave_core.dir/src/vulkan_runtime.cpp.o
[ 43%] Building CXX object CMakeFiles/ave_core.dir/src/backends/glsl_shader_backend.cpp.o
[ 45%] Building CXX object CMakeFiles/ave_core.dir/src/video_processor.cpp.o
[ 47%] Building CXX object CMakeFiles/ave_core.dir/src/backends/vapoursynth_backend.cpp.o
[ 50%] Building CXX object CMakeFiles/ave_core.dir/src/backends/migraphx_backend.cpp.o
[ 50%] Building CXX object CMakeFiles/ave_core.dir/src/backends/vulkan_compute_backend.cpp.o
[ 52%] Building CXX object CMakeFiles/ave_core.dir/src/backends/ncnn_vulkan_backend.cpp.o
[ 54%] Automatic MOC and UIC for target planner_tests
[ 54%] Built target tensor_contract_tests_autogen
[ 54%] Built target planner_tests_autogen
[ 56%] Building CXX object CMakeFiles/tensor_contract_tests.dir/tests/tensor_contract_tests.cpp.o
[ 58%] Building CXX object CMakeFiles/tensor_contract_tests.dir/tensor_contract_tests_autogen/mocs_compilation.cpp.o
[ 60%] Building CXX object CMakeFiles/tensor_contract_tests.dir/src/tensor_contract.cpp.o
[ 62%] Building CXX object CMakeFiles/planner_tests.dir/planner_tests_autogen/mocs_compilation.cpp.o
[ 64%] Building CXX object CMakeFiles/planner_tests.dir/tests/planner_tests.cpp.o
[ 66%] Building CXX object CMakeFiles/planner_tests.dir/src/stage.cpp.o
[ 68%] Building CXX object CMakeFiles/planner_tests.dir/src/model_catalog.cpp.o
[ 70%] Building CXX object CMakeFiles/planner_tests.dir/src/planner.cpp.o
[ 72%] Building CXX object CMakeFiles/planner_tests.dir/src/types.cpp.o
/home/rolaandjayz/Desktop/C++ Video Enhancer/src/frame_io.cpp:103:6: warning: ‘void ave::frame_io::{anonymous}::clearSwsCache()’ defined but not used [-Wunused-function]
  103 | void clearSwsCache() {
      |      ^~~~~~~~~~~~~
/home/rolaandjayz/Desktop/C++ Video Enhancer/src/observability.cpp:28:13: warning: ‘std::string ave::obs::{anonymous}::envOrDefault(const char*, const char*)’ defined but not used [-Wunused-function]
   28 | std::string envOrDefault(const char* name, const char* fallback = "") {
      |             ^~~~~~~~~~~~
[ 74%] Linking CXX executable tensor_contract_tests
[ 74%] Built target tensor_contract_tests
[ 76%] Linking CXX executable planner_tests
[ 76%] Built target planner_tests
[ 78%] Linking CXX static library libave_core.a
[ 78%] Built target ave_core
[ 80%] Building CXX object CMakeFiles/ave.dir/src/main.cpp.o
[ 80%] Built target ave_gui_autogen_timestamp_deps
[ 82%] Automatic MOC and UIC for target ave_gui
[ 82%] Built target ave_gui_autogen
[ 84%] Building CXX object CMakeFiles/ave_gui.dir/ave_gui_autogen/mocs_compilation.cpp.o
[ 86%] Building CXX object CMakeFiles/ave_gui.dir/src/gui/main_gui.cpp.o
[ 88%] Building CXX object CMakeFiles/ave_gui.dir/src/gui/main_window.cpp.o
[ 90%] Building CXX object CMakeFiles/ave_gui.dir/src/gui/model_manager_dialog.cpp.o
[ 92%] Building CXX object CMakeFiles/ave_gui.dir/src/gui/settings_dialog.cpp.o
[ 94%] Building CXX object CMakeFiles/ave_gui.dir/src/gui/toggle_switch.cpp.o
[ 96%] Building CXX object CMakeFiles/ave_gui.dir/src/gui/filter_browser.cpp.o
[ 98%] Linking CXX executable ave
[ 98%] Built target ave
[100%] Linking CXX executable ave_gui
[100%] Built target ave_gui
